2026/10/04 13:25:14 HTTPS server listening on [::]:8081
2026/10/04 13:25:14 SSH server listening on [::]:42069
2026/10/04 13:25:14 HTTP server listening on [::]:8080
2026/10/04 13:25:15 INFO Handling incoming request method=GET path=/ host=127.0.0.1:8081
2026/10/04 13:25:15 Forwarding request: {localhost 0}
2026/10/04 13:25:15 INFO Registered connection subdomain=pensive-dingo bind_addr=localhost bind_port=0
2026/10/04 13:25:15 Forwarding request: {localhost 0}
2026/10/04 13:25:15 INFO Registered connection subdomain=cranky-blobfish bind_addr=localhost bind_port=0
2026/10/04 13:25:19 INFO Handling incoming request method=GET path=/ host=pensive-dingo.pindakaas.localhost:8081
2026/10/04 13:25:20 INFO Handling incoming request method=GET path=/about.html host=pensive-dingo.pindakaas.localhost:8081
2026/10/04 13:25:20 INFO Handling incoming request method=GET path=/missing host=pensive-dingo.pindakaas.localhost:8081
2026/10/04 13:25:20 INFO Handling incoming request method=GET path=/index.html host=pensive-dingo.pindakaas.localhost:8081
2026/10/04 13:25:21 INFO Handling incoming request method=GET path=/about.html host=pensive-dingo.pindakaas.localhost:8081
2026/10/04 13:25:28 http: TLS handshake error from [::1]:47438: remote error: tls: unknown certificate
{"time":"2026-10-04T13:25:28.346034711Z","level":"INFO","msg":"REQUEST","method":"GET","uri":"/","status":200,"latency":962936,"host":"pindakaas.localhost:8081","bytes_in":"","bytes_out":2280,"user_agent":"Mozilla/5.0 (X11; Linux x86_64) AppleWebKit/537.36 (KHTML, like Gecko) HeadlessChrome/153.0.8010.12 Safari/537.36","remote_ip":"::1","request_id":"uzMtyZAoXCCpdpFDpDygvDgzDZpxlFuE"}
{"time":"2026-10-04T13:25:28.367105266Z","level":"INFO","msg":"REQUEST","method":"GET","uri":"/assets/person-through-window.svg","status":200,"latency":2763403,"host":"pindakaas.localhost:8081","bytes_in":"","bytes_out":1032,"user_agent":"Mozilla/5.0 (X11; Linux x86_64) AppleWebKit/537.36 (KHTML, like Gecko) HeadlessChrome/153.0.8010.12 Safari/537.36","remote_ip":"::1","request_id":"RJoCVmvTsXfjjdCRBHcflfcqfCmRmRhw"}
{"time":"2026-10-04T13:25:28.367215774Z","level":"INFO","msg":"REQUEST","method":"GET","uri":"/assets/plus.svg","status":200,"latency":2232498,"host":"pindakaas.localhost:8081","bytes_in":"","bytes_out":533,"user_agent":"Mozilla/5.0 (X11; Linux x86_64) AppleWebKit/537.36 (KHTML, like Gecko) HeadlessChrome/153.0.8010.12 Safari/537.36","remote_ip":"::1","request_id":"TlEEKKyEDyPGKciamiJkybLSRxkniGCn"}
{"time":"2026-10-04T13:25:28.367541174Z","level":"INFO","msg":"REQUEST","method":"GET","uri":"/assets/index-GpPv20dr.css","status":200,"latency":3078694,"host":"pindakaas.localhost:8081","bytes_in":"","bytes_out":19326,"user_agent":"Mozilla/5.0 (X11; Linux x86_64) AppleWebKit/537.36 (KHTML, like Gecko) HeadlessChrome/153.0.8010.12 Safari/537.36","remote_ip":"::1","request_id":"ilcaQVyrZKtsMWvnfPXvazEBsUuBrcDX"}
{"time":"2026-10-04T13:25:28.367872345Z","level":"INFO","msg":"REQUEST","method":"GET","uri":"/assets/index-BxdBFSeh.js","status":200,"latency":3516976,"host":"pindakaas.localhost:8081","bytes_in":"","bytes_out":127522,"user_agent":"Mozilla/5.0 (X11; Linux x86_64) AppleWebKit/537.36 (KHTML, like Gecko) HeadlessChrome/153.0.8010.12 Safari/537.36","remote_ip":"::1","request_id":"XIkkGcDYcywNrMkGpItYFduLYnxUHkFv"}
{"time":"2026-10-04T13:25:28.399362322Z","level":"INFO","msg":"REQUEST","method":"GET","uri":"/assets/person-running.svg","status":200,"latency":658706,"host":"pindakaas.localhost:8081","bytes_in":"","bytes_out":1180,"user_agent":"Mozilla/5.0 (X11; Linux x86_64) AppleWebKit/537.36 (KHTML, like Gecko) HeadlessChrome/153.0.8010.12 Safari/537.36","remote_ip":"::1","request_id":"LDwMgLBJIxsgxpdiNouNMzAUhEFaDLcP"}
{"time":"2026-10-04T13:25:28.399885874Z","level":"INFO","msg":"REQUEST","method":"GET","uri":"/assets/bed.svg","status":200,"latency":353984,"host":"pindakaas.localhost:8081","bytes_in":"","bytes_out":644,"user_agent":"Mozilla/5.0 (X11; Linux x86_64) AppleWebKit/537.36 (KHTML, like Gecko) HeadlessChrome/153.0.8010.12 Safari/537.36","remote_ip":"::1","request_id":"lZHEoUZBWrXObVQGDuDrUxvZXgZsVtYZ"}
{"time":"2026-10-04T13:25:28.407051693Z","level":"INFO","msg":"REQUEST","method":"GET","uri":"/assets/ibm-plex-sans-latin-wght-normal-IvpUvPa2.woff2","status":200,"latency":566592,"host":"pindakaas.localhost:8081","bytes_in":"","bytes_out":45712,"user_agent":"Mozilla/5.0 (X11; Linux x86_64) AppleWebKit/537.36 (KHTML, like Gecko) HeadlessChrome/153.0.8010.12 Safari/537.36","remote_ip":"::1","request_id":"lwcjPLZYjSCiShbkKmbUGKpuJbpMMbEA"}
2026/10/04 13:25:31 INFO SSE client disconnected user_id=01a10717-10ac-7ae7-8615-f3207ccea37f
{"time":"2026-10-04T13:25:31.594713824Z","level":"INFO","msg":"REQUEST","method":"GET","uri":"/tunnels/subscribe","status":200,"latency":3162153019,"host":"pindakaas.localhost:8081","bytes_in":"","bytes_out":0,"user_agent":"Mozilla/5.0 (X11; Linux x86_64) AppleWebKit/537.36 (KHTML, like Gecko) HeadlessChrome/153.0.8010.12 Safari/537.36","remote_ip":"::1","request_id":"bKggZRQsDeGNmZDJZLvNNPufgLRgldeo"}
2026/10/04 13:25:31 http: TLS handshake error from [::1]:35690: remote error: tls: unknown certificate
{"time":"2026-10-04T13:25:31.637938551Z","level":"INFO","msg":"REQUEST","method":"GET","uri":"/","status":200,"latency":717806,"host":"pindakaas.localhost:8081","bytes_in":"","bytes_out":2280,"user_agent":"Mozilla/5.0 (X11; Linux x86_64) AppleWebKit/537.36 (KHTML, like Gecko) HeadlessChrome/153.0.8010.12 Safari/537.36","remote_ip":"::1","request_id":"ANgPaUwoVXEzhdcMfAbIVlkTemMAIBsX"}
{"time":"2026-10-04T13:25:31.652299983Z","level":"INFO","msg":"REQUEST","method":"GET","uri":"/assets/plus.svg","status":200,"latency":1485797,"host":"pindakaas.localhost:8081","bytes_in":"","bytes_out":533,"user_agent":"Mozilla/5.0 (X11; Linux x86_64) AppleWebKit/537.36 (KHTML, like Gecko) HeadlessChrome/153.0.8010.12 Safari/537.36","remote_ip":"::1","request_id":"DwkGceGMWKnLBNSVEfAqpodBwjmzULOa"}
{"time":"2026-10-04T13:25:31.652611426Z","level":"INFO","msg":"REQUEST","method":"GET","uri":"/assets/index-GpPv20dr.css","status":200,"latency":1920843,"host":"pindakaas.localhost:8081","bytes_in":"","bytes_out":19326,"user_agent":"Mozilla/5.0 (X11; Linux x86_64) AppleWebKit/537.36 (KHTML, like Gecko) HeadlessChrome/153.0.8010.12 Safari/537.36","remote_ip":"::1","request_id":"SUuFmixHbKOkcUTDEKhEwFzGtBXMvlqA"}
{"time":"2026-10-04T13:25:31.652909145Z","level":"INFO","msg":"REQUEST","method":"GET","uri":"/assets/index-BxdBFSeh.js","status":200,"latency":2208920,"host":"pindakaas.localhost:8081","bytes_in":"","bytes_out":127522,"user_agent":"Mozilla/5.0 (X11; Linux x86_64) AppleWebKit/537.36 (KHTML, like Gecko) HeadlessChrome/153.0.8010.12 Safari/537.36","remote_ip":"::1","request_id":"pkHyuhyaJMJBShDkIpdvUWWstHfpgNwG"}
{"time":"2026-10-04T13:25:31.653822769Z","level":"INFO","msg":"REQUEST","method":"GET","uri":"/assets/person-through-window.svg","status":200,"latency":3080998,"host":"pindakaas.localhost:8081","bytes_in":"","bytes_out":1032,"user_agent":"Mozilla/5.0 (X11; Linux x86_64) AppleWebKit/537.36 (KHTML, like Gecko) HeadlessChrome/153.0.8010.12 Safari/537.36","remote_ip":"::1","request_id":"JmHkTEQFhgtiNKgbxnjDrXZmrLoPpxLi"}
{"time":"2026-10-04T13:25:31.678103706Z","level":"INFO","msg":"REQUEST","method":"GET","uri":"/assets/person-running.svg","status":200,"latency":485651,"host":"pindakaas.localhost:8081","bytes_in":"","bytes_out":1180,"user_agent":"Mozilla/5.0 (X11; Linux x86_64) AppleWebKit/537.36 (KHTML, like Gecko) HeadlessChrome/153.0.8010.12 Safari/537.36","remote_ip":"::1","request_id":"PgwtKarRmAoMOogLSwESSbIZiDsFYGiw"}
{"time":"2026-10-04T13:25:31.678261163Z","level":"INFO","msg":"REQUEST","method":"GET","uri":"/assets/bed.svg","status":200,"latency":548940,"host":"pindakaas.localhost:8081","bytes_in":"","bytes_out":644,"user_agent":"Mozilla/5.0 (X11; Linux x86_64) AppleWebKit/537.36 (KHTML, like Gecko) HeadlessChrome/153.0.8010.12 Safari/537.36","remote_ip":"::1","request_id":"OVIeKbufdRWINhndEEFzGkWYfXDyJnDP"}
{"time":"2026-10-04T13:25:31.683926917Z","level":"INFO","msg":"REQUEST","method":"GET","uri":"/assets/ibm-plex-sans-latin-wght-normal-IvpUvPa2.woff2","status":200,"latency":668995,"host":"pindakaas.localhost:8081","bytes_in":"","bytes_out":45712,"user_agent":"Mozilla/5.0 (X11; Linux x86_64) AppleWebKit/537.36 (KHTML, like Gecko) HeadlessChrome/153.0.8010.12 Safari/537.36","remote_ip":"::1","request_id":"etLEoPLfvdbSEQmBxQfkwkmULjQgNzDY"}
2026/10/04 13:25:34 INFO SSE client disconnected user_id=01a10717-10ac-7ae7-8615-f3207ccea37f
{"time":"2026-10-04T13:25:34.811398105Z","level":"INFO","msg":"REQUEST","method":"GET","uri":"/tunnels/subscribe","status":200,"latency":3106467803,"host":"pindakaas.localhost:8081","bytes_in":"","bytes_out":0,"user_agent":"Mozilla/5.0 (X11; Linux x86_64) AppleWebKit/537.36 (KHTML, like Gecko) HeadlessChrome/153.0.8010.12 Safari/537.36","remote_ip":"::1","request_id":"IbBqrZtPMMJkhmGCCaTrkmfNHucPjMXI"}
